
> atodotren@0.0.0 accept:realtime
> ./scripts/realtime-acceptance.sh .env

 Container atodotren-postgres-1 Creating 
 Container atodotren-spool-init-1 Creating 
 Container atodotren-spool-init-1 Created 
 Container atodotren-postgres-1 Created 
 Container atodotren-migrate-1 Creating 
 Container atodotren-migrate-1 Created 
 Container atodotren-static-import-1 Creating 
 Container atodotren-static-import-1 Created 
 Container atodotren-worker-1 Creating 
 Container atodotren-worker-1 Created 
 Container atodotren-spool-init-1 Starting 
 Container atodotren-postgres-1 Starting 
 Container atodotren-spool-init-1 Started 
 Container atodotren-postgres-1 Started 
 Container atodotren-postgres-1 Waiting 
 Container atodotren-postgres-1 Healthy 
 Container atodotren-migrate-1 Starting 
 Container atodotren-migrate-1 Started 
 Container atodotren-migrate-1 Waiting 
 Container atodotren-migrate-1 Exited 
 Container atodotren-static-import-1 Starting 
 Container atodotren-static-import-1 Started 
 Container atodotren-static-import-1 Waiting 
 Container atodotren-spool-init-1 Waiting 
 Container atodotren-spool-init-1 Exited 
 Container atodotren-static-import-1 Exited 
 Container atodotren-worker-1 Starting 
 Container atodotren-worker-1 Started 
realtime_acceptance {"available" : true, "started_at" : "2026-08-20T06:40:25Z", "completed_at" : "2026-08-22T06:40:28.320822+00:00", "polls" : 14384, "successful_polls" : 14347, "successful_poll_coverage" : 0.9974, "entity_total" : 2509457, "matched_madrid" : 718090, "unmatched" : 1575971, "non_madrid" : 215200, "malformed" : 196, "matching_rate" : 0.3130, "malformed_rate" : 0.0001, "evidence_changed" : 161793, "evidence_repeated" : 435726, "fallback_evidence" : 0, "ambiguous" : 0, "quarantined" : 196, "endpoint_failures" : { "service_alerts/timeout" : 7, "trip_updates/timeout" : 22, "vehicle_positions/timeout" : 8 }, "relations" : [{"relation":"ingest.evidence_state","total_bytes":17358848,"index_bytes":5406720}, 
 {"relation":"ingest.filtered_payload","total_bytes":0,"index_bytes":0}, 
 {"relation":"ingest.filtered_payload_20260818","total_bytes":32768,"index_bytes":24576}, 
 {"relation":"ingest.filtered_payload_20260819","total_bytes":32768,"index_bytes":24576}, 
 {"relation":"ingest.filtered_payload_20260820","total_bytes":13115392,"index_bytes":1048576}, 
 {"relation":"ingest.filtered_payload_20260821","total_bytes":14409728,"index_bytes":1179648}, 
 {"relation":"ingest.filtered_payload_20260822","total_bytes":3342336,"index_bytes":352256}, 
 {"relation":"ingest.live_vehicle_state","total_bytes":1507328,"index_bytes":548864}, 
 {"relation":"ingest.poll_run","total_bytes":0,"index_bytes":0}, 
 {"relation":"ingest.poll_run_20260818","total_bytes":40960,"index_bytes":32768}, 
 {"relation":"ingest.poll_run_20260819","total_bytes":40960,"index_bytes":32768}, 
 {"relation":"ingest.poll_run_20260820","total_bytes":2637824,"index_bytes":1392640}, 
 {"relation":"ingest.poll_run_20260821","total_bytes":3579904,"index_bytes":1892352}, 
 {"relation":"ingest.poll_run_20260822","total_bytes":1097728,"index_bytes":573440}, 
 {"relation":"ingest.quarantined_entity","total_bytes":0,"index_bytes":0}, 
 {"relation":"ingest.quarantined_entity_20260818","total_bytes":32768,"index_bytes":24576}, 
 {"relation":"ingest.quarantined_entity_20260819","total_bytes":32768,"index_bytes":24576}, 
 {"relation":"ingest.quarantined_entity_20260820","total_bytes":122880,"index_bytes":65536}, 
 {"relation":"ingest.quarantined_entity_20260821","total_bytes":122880,"index_bytes":65536}, 
 {"relation":"ingest.quarantined_entity_20260822","total_bytes":32768,"index_bytes":24576}, 
 {"relation":"ingest.service_alert","total_bytes":81920,"index_bytes":32768}, 
 {"relation":"ingest.service_alert_target","total_bytes":114688,"index_bytes":57344}, 
 {"relation":"ingest.stop_evidence","total_bytes":0,"index_bytes":0}, 
 {"relation":"ingest.stop_evidence_20260818","total_bytes":49152,"index_bytes":40960}, 
 {"relation":"ingest.stop_evidence_20260819","total_bytes":49152,"index_bytes":40960}, 
 {"relation":"ingest.stop_evidence_20260820","total_bytes":57827328,"index_bytes":29130752}, 
 {"relation":"ingest.stop_evidence_20260821","total_bytes":60604416,"index_bytes":30556160}, 
 {"relation":"ingest.stop_evidence_20260822","total_bytes":8962048,"index_bytes":4423680}, 
 {"relation":"operations.ingest_health","total_bytes":65536,"index_bytes":16384}, 
 {"relation":"operations.notification_incident","total_bytes":32768,"index_bytes":16384}, 
 {"relation":"operations.schema_migration","total_bytes":32768,"index_bytes":16384}], "open_incidents" : 0, "incidents" : [{"incident_key":"ingest.stale","opened_at":"2026-08-21T00:30:23.937499+00:00","last_observed_at":"2026-08-21T00:31:15.851548+00:00","last_notified_at":null,"occurrence_count":2,"is_open":false,"recovered_at":"2026-08-21T00:31:15.851548+00:00","details":{"body": "No successful durable cycle within 120000ms.", "title": "Successful ingestion is stale"}}, 
 {"incident_key":"ingest.matching_collapse","opened_at":"2026-08-22T02:27:21.458712+00:00","last_observed_at":"2026-08-22T02:27:53.450988+00:00","last_notified_at":"2026-08-21T05:32:06.418+00:00","occurrence_count":1,"is_open":false,"recovered_at":"2026-08-22T02:27:53.450988+00:00","details":{"body": "Current matching rate: 0.000.", "title": "Madrid matching rate collapsed"}}, 
 {"incident_key":"ingest.repeated_failure","opened_at":"2026-08-22T04:13:09.69138+00:00","last_observed_at":"2026-08-22T04:13:28.138802+00:00","last_notified_at":"2026-08-21T00:31:15.609+00:00","occurrence_count":1,"is_open":false,"recovered_at":"2026-08-22T04:13:28.138802+00:00","details":{"body": "1 consecutive cycle(s) have failed.", "title": "Repeated ingestion failure"}}], "health" : {"singleton":true,"last_durable_cycle_at":"2026-08-22T06:40:18.168+00:00","last_postgres_cycle_at":"2026-08-22T06:40:18.168+00:00","last_heartbeat_at":null,"consecutive_failures":0,"last_failure_code":null,"spool_pending_count":0,"spool_bytes":82216,"spool_dropped_count":0,"updated_at":"2026-08-22T06:40:18.168644+00:00"}}
realtime_acceptance_spool {"available":true,"pendingRows":0,"pendingOperations":0,"droppedOperations":0}
realtime_acceptance_thresholds {"expectedPolls":14400,"minimumPolls":12960,"minimumPollRatio":0.9,"minimumSuccessCoverage":0.9,"minimumMatchingRate":0.02,"maximumMalformedRate":0.25}
realtime_acceptance_gates {"passed":true,"failed":0,"checks":[{"name":"worker_running","passed":true,"actual":true,"expected":true},{"name":"database_report","passed":true,"actual":true,"expected":true},{"name":"minimum_polls","passed":true,"actual":14384,"expected":12960},{"name":"successful_poll_coverage","passed":true,"actual":0.9974,"expected":0.9},{"name":"matching_rate","passed":true,"actual":0.313,"expected":0.02},{"name":"malformed_rate","passed":true,"actual":0.0001,"expected":0.25},{"name":"spool_pending_operations","passed":true,"actual":0,"expected":0},{"name":"spool_dropped_operations","passed":true,"actual":0,"expected":0},{"name":"open_notification_incidents","passed":true,"actual":0,"expected":0}]}
realtime_acceptance_spool_peak_bytes 82216
realtime_acceptance_resource_samples
58.88%,0B / 0B
123.15%,0B / 0B
0.16%,0B / 0B
44.73%,0B / 0B
0.03%,0B / 0B
0.02%,0B / 0B
0.00%,0B / 0B
0.00%,0B / 0B
0.00%,0B / 0B
0.00%,0B / 0B
0.00%,0B / 0B
0.00%,0B / 0B
0.00%,0B / 0B
0.00%,0B / 0B
80.89%,0B / 0B
19.23%,0B / 0B
0.07%,0B / 0B
0.00%,0B / 0B
0.03%,0B / 0B
0.00%,0B / 0B
0.00%,0B / 0B
0.00%,0B / 0B
0.00%,0B / 0B
0.00%,0B / 0B
0.00%,0B / 0B
32.28%,0B / 0B
0.00%,0B / 0B
65.73%,0B / 0B
137.38%,0B / 0B
58.06%,0B / 0B
0.01%,0B / 0B
0.00%,0B / 0B
0.02%,0B / 0B
0.00%,0B / 0B
0.00%,0B / 0B
0.00%,0B / 0B
0.00%,0B / 0B
0.00%,0B / 0B
0.00%,0B / 0B
0.00%,0B / 0B
0.01%,0B / 0B
96.44%,0B / 0B
6.99%,0B / 0B
0.08%,0B / 0B
0.00%,0B / 0B
0.01%,0B / 0B
0.00%,0B / 0B
43.65%,0B / 0B
0.00%,0B / 0B
0.00%,0B / 0B
0.00%,0B / 0B
0.00%,0B / 0B
0.00%,0B / 0B
0.00%,0B / 0B
0.00%,0B / 0B
89.75%,0B / 0B
160.30%,0B / 0B
0.07%,0B / 0B
143.83%,0B / 0B
0.02%,0B / 0B
0.01%,0B / 0B
0.00%,0B / 0B
0.00%,0B / 0B
0.00%,0B / 0B
0.00%,0B / 0B
0.00%,0B / 0B
0.00%,0B / 0B
0.00%,0B / 0B
105.42%,0B / 0B
53.19%,0B / 0B
0.00%,0B / 0B
0.00%,0B / 0B
0.00%,0B / 0B
0.03%,0B / 0B
0.00%,0B / 0B
0.00%,0B / 0B
0.00%,0B / 0B
0.00%,0B / 0B
0.00%,0B / 0B
0.00%,0B / 0B
0.00%,0B / 0B
0.00%,0B / 0B
90.58%,0B / 0B
171.78%,0B / 0B
0.09%,0B / 0B
0.00%,0B / 0B
0.02%,0B / 0B
0.01%,0B / 0B
0.00%,0B / 0B
0.00%,0B / 0B
12.19%,0B / 0B
0.00%,0B / 0B
0.00%,0B / 0B
0.00%,0B / 0B
0.00%,0B / 0B
17.35%,0B / 0B
64.88%,0B / 0B
0.00%,0B / 0B
0.00%,0B / 0B
0.00%,0B / 0B
0.00%,0B / 0B
0.00%,0B / 0B
0.00%,0B / 0B
0.00%,0B / 0B
0.00%,0B / 0B
0.00%,0B / 0B
0.00%,0B / 0B
0.00%,0B / 0B
0.00%,0B / 0B
78.99%,0B / 0B
102.37%,0B / 0B
66.84%,0B / 0B
27.28%,0B / 0B
0.00%,0B / 0B
0.02%,0B / 0B
0.00%,0B / 0B
0.00%,0B / 0B
0.00%,0B / 0B
0.00%,0B / 0B
0.00%,0B / 0B
0.00%,0B / 0B
0.00%,0B / 0B
0.00%,0B / 0B
104.25%,0B / 0B
0.00%,0B / 0B
0.00%,0B / 0B
0.00%,0B / 0B
0.02%,0B / 0B
0.00%,0B / 0B
0.00%,0B / 0B
0.00%,0B / 0B
0.00%,0B / 0B
0.00%,0B / 0B
25.54%,0B / 0B
0.00%,0B / 0B
0.00%,0B / 0B
69.29%,0B / 0B
109.91%,0B / 0B
6.73%,0B / 0B
0.07%,0B / 0B
0.00%,0B / 0B
0.02%,0B / 0B
0.00%,0B / 0B
0.00%,0B / 0B
0.00%,0B / 0B
0.00%,0B / 0B
0.00%,0B / 0B
0.00%,0B / 0B
0.00%,0B / 0B
0.00%,0B / 0B
79.46%,0B / 0B
1.94%,0B / 0B
0.08%,0B / 0B
0.00%,0B / 0B
0.00%,0B / 0B
43.67%,0B / 0B
0.00%,0B / 0B
0.00%,0B / 0B
0.00%,0B / 0B
0.00%,0B / 0B
0.00%,0B / 0B
0.00%,0B / 0B
0.00%,0B / 0B
0.00%,0B / 0B
90.88%,0B / 0B
175.94%,0B / 0B
0.09%,0B / 0B
0.00%,0B / 0B
0.03%,0B / 0B
0.01%,0B / 0B
0.00%,0B / 0B
0.00%,0B / 0B
0.00%,0B / 0B
0.00%,0B / 0B
0.00%,0B / 0B
0.00%,0B / 0B
36.83%,0B / 0B
56.81%,0B / 0B
27.68%,0B / 0B
0.01%,0B / 0B
0.00%,0B / 0B
0.00%,0B / 0B
0.03%,0B / 0B
0.00%,0B / 0B
0.00%,0B / 0B
0.00%,0B / 0B
0.00%,0B / 0B
0.00%,0B / 0B
0.00%,0B / 0B
0.00%,0B / 0B
0.00%,0B / 0B
45.33%,0B / 0B
76.05%,0B / 0B
39.80%,0B / 0B
0.00%,0B / 0B
0.00%,0B / 0B
0.02%,0B / 0B
0.00%,0B / 0B
45.61%,0B / 0B
0.00%,0B / 0B
0.00%,0B / 0B
0.00%,0B / 0B
0.00%,0B / 0B
0.00%,0B / 0B
0.00%,0B / 0B
105.25%,0B / 0B
0.00%,0B / 0B
0.07%,0B / 0B
0.00%,0B / 0B
0.02%,0B / 0B
0.00%,0B / 0B
0.00%,0B / 0B
0.00%,0B / 0B
0.00%,0B / 0B
0.00%,0B / 0B
0.00%,0B / 0B
0.00%,0B / 0B
0.00%,0B / 0B
31.15%,0B / 0B
68.04%,0B / 0B
87.71%,0B / 0B
0.00%,0B / 0B
0.00%,0B / 0B
0.01%,0B / 0B
0.00%,0B / 0B
0.00%,0B / 0B
0.00%,0B / 0B
0.00%,0B / 0B
0.00%,0B / 0B
0.00%,0B / 0B
0.00%,0B / 0B
0.00%,0B / 0B
104.92%,0B / 0B
0.00%,0B / 0B
0.09%,0B / 0B
0.00%,0B / 0B
0.02%,0B / 0B
0.00%,0B / 0B
0.00%,0B / 0B
0.00%,0B / 0B
0.00%,0B / 0B
45.33%,0B / 0B
0.00%,0B / 0B
0.00%,0B / 0B
0.00%,0B / 0B
0.00%,0B / 0B
90.19%,0B / 0B
0.01%,0B / 0B
0.00%,0B / 0B
0.01%,0B / 0B
0.03%,0B / 0B
0.01%,0B / 0B
0.00%,0B / 0B
0.00%,0B / 0B
0.00%,0B / 0B
0.00%,0B / 0B
0.00%,0B / 0B
0.00%,0B / 0B
0.00%,0B / 0B
17.49%,0B / 0B
65.92%,0B / 0B
0.00%,0B / 0B
0.00%,0B / 0B
43.41%,0B / 0B
0.03%,0B / 0B
0.00%,0B / 0B
0.00%,0B / 0B
0.00%,0B / 0B
93.31%,0B / 0B
0.00%,0B / 0B
0.00%,0B / 0B
0.00%,0B / 0B
0.00%,0B / 0B
90.94%,0B / 0B
142.75%,0B / 0B
0.01%,0B / 0B
0.07%,0B / 0B
0.00%,0B / 0B
0.01%,0B / 0B
0.00%,0B / 0B
0.00%,0B / 0B
0.00%,0B / 0B
0.00%,0B / 0B
0.00%,0B / 0B
0.00%,0B / 0B
48.49%,0B / 0B
0.00%,0B / 0B
79.59%,0B / 0B
7.56%,0B / 0B
0.06%,0B / 0B
0.00%,0B / 0B
0.00%,0B / 0B
0.04%,0B / 0B
0.00%,0B / 0B
0.00%,0B / 0B
0.00%,0B / 0B
0.00%,0B / 0B
0.00%,0B / 0B
0.00%,0B / 0B
0.00%,0B / 0B
0.00%,0B / 0B
90.78%,0B / 0B
156.02%,0B / 0B
0.00%,0B / 0B
0.00%,0B / 0B
0.02%,0B / 0B
0.01%,0B / 0B
43.95%,0B / 0B
0.00%,0B / 0B
0.00%,0B / 0B
0.00%,0B / 0B
0.00%,0B / 0B
0.00%,0B / 0B
0.00%,0B / 0B
39.18%,0B / 0B
34.04%,0B / 0B
0.00%,0B / 0B
0.00%,0B / 0B
0.00%,0B / 0B
0.03%,0B / 0B
0.00%,0B / 0B
0.00%,0B / 0B
0.00%,0B / 0B
0.00%,0B / 0B
0.00%,0B / 0B
0.00%,0B / 0B
0.00%,0B / 0B
0.00%,0B / 0B
133.57%,0B / 0B
156.44%,0B / 0B
0.01%,0B / 0B
0.00%,0B / 0B
0.02%,0B / 0B
0.02%,0B / 0B
0.00%,0B / 0B
0.00%,0B / 0B
0.00%,0B / 0B
0.00%,0B / 0B
0.00%,0B / 0B
0.00%,0B / 0B
0.00%,0B / 0B
27.06%,0B / 0B
6.72%,0B / 0B
0.00%,0B / 0B
0.00%,0B / 0B
0.00%,0B / 0B
0.02%,0B / 0B
0.00%,0B / 0B
0.01%,0B / 0B
3.54%,0B / 0B
91.51%,0B / 0B
0.00%,0B / 0B
0.00%,0B / 0B
0.01%,0B / 0B
0.00%,0B / 0B
99.89%,0B / 0B
59.22%,0B / 0B
0.00%,0B / 0B
0.00%,0B / 0B
0.02%,0B / 0B
0.01%,0B / 0B
0.00%,0B / 0B
0.00%,0B / 0B
0.01%,0B / 0B
0.00%,0B / 0B
0.00%,0B / 0B
0.00%,0B / 0B
0.00%,0B / 0B
0.01%,0B / 0B
91.46%,0B / 0B
0.00%,0B / 0B
46.42%,0B / 0B
0.00%,0B / 0B
0.00%,0B / 0B
0.00%,0B / 0B
0.46%,0B / 0B
0.01%,0B / 0B
0.00%,0B / 0B
0.00%,0B / 0B
0.00%,0B / 0B
0.00%,0B / 0B
0.01%,0B / 0B
0.48%,0B / 0B
64.02%,0B / 0B
0.00%,0B / 0B
0.00%,0B / 0B
0.01%,0B / 0B
0.02%,0B / 0B
0.00%,0B / 0B
0.00%,0B / 0B
0.00%,0B / 0B
0.00%,0B / 0B
0.00%,0B / 0B
13.33%,0B / 0B
0.00%,0B / 0B
0.00%,0B / 0B
99.80%,0B / 0B
0.00%,0B / 0B
0.06%,0B / 0B
0.00%,0B / 0B
0.03%,0B / 0B
0.00%,0B / 0B
0.00%,0B / 0B
0.00%,0B / 0B
0.00%,0B / 0B
0.00%,0B / 0B
0.00%,0B / 0B
0.00%,0B / 0B
0.00%,0B / 0B
0.00%,0B / 0B
90.49%,0B / 0B
110.88%,0B / 0B
0.00%,0B / 0B
0.00%,0B / 0B
0.02%,0B / 0B
46.01%,0B / 0B
0.00%,0B / 0B
0.00%,0B / 0B
0.00%,0B / 0B
0.00%,0B / 0B
0.00%,0B / 0B
0.00%,0B / 0B
0.00%,0B / 0B
51.93%,0B / 0B
49.23%,0B / 0B
0.00%,0B / 0B
0.00%,0B / 0B
0.00%,0B / 0B
0.02%,0B / 0B
0.00%,0B / 0B
0.00%,0B / 0B
0.00%,0B / 0B
0.00%,0B / 0B
0.00%,0B / 0B
0.00%,0B / 0B
0.00%,0B / 0B
0.00%,0B / 0B
105.73%,0B / 0B
0.01%,0B / 0B
0.00%,0B / 0B
0.00%,0B / 0B
0.00%,0B / 0B
0.02%,0B / 0B
0.08%,0B / 0B
0.00%,0B / 0B
0.00%,0B / 0B
0.00%,0B / 0B
0.00%,0B / 0B
0.00%,0B / 0B
0.00%,0B / 0B
1.03%,0B / 0B
69.66%,0B / 0B
0.01%,0B / 0B
0.06%,0B / 0B
0.00%,0B / 0B
0.04%,0B / 0B
0.00%,0B / 0B
0.00%,0B / 0B
0.00%,0B / 0B
47.22%,0B / 0B
0.00%,0B / 0B
0.00%,0B / 0B
0.00%,0B / 0B
0.00%,0B / 0B
0.00%,0B / 0B
0.00%,0B / 0B
0.00%,0B / 0B
104.08%,0B / 0B
155.11%,0B / 0B
0.06%,0B / 0B
0.00%,0B / 0B
0.01%,0B / 0B
0.02%,0B / 0B
0.01%,0B / 0B
0.00%,0B / 0B
0.00%,0B / 0B
0.00%,0B / 0B
0.00%,0B / 0B
0.00%,0B / 0B
0.00%,0B / 0B
0.00%,0B / 0B
0.00%,0B / 0B
0.00%,0B / 0B
86.18%,0B / 0B
85.66%,0B / 0B
0.00%,0B / 0B
0.07%,0B / 0B
0.00%,0B / 0B
0.00%,0B / 0B
0.00%,0B / 0B
0.02%,0B / 0B
0.00%,0B / 0B
0.00%,0B / 0B
27.11%,0B / 0B
0.00%,0B / 0B
0.00%,0B / 0B
0.00%,0B / 0B
0.00%,0B / 0B
0.00%,0B / 0B
0.00%,0B / 0B
0.00%,0B / 0B
0.00%,0B / 0B
32.38%,0B / 0B
82.43%,0B / 0B
68.83%,0B / 0B
86.98%,0B / 0B
0.00%,0B / 0B
0.00%,0B / 0B
0.00%,0B / 0B
0.03%,0B / 0B
20.74%,0B / 0B
0.00%,0B / 0B
0.00%,0B / 0B
0.00%,0B / 0B
0.00%,0B / 0B
0.00%,0B / 0B
0.00%,0B / 0B
0.00%,0B / 0B
0.00%,0B / 0B
0.00%,0B / 0B
0.00%,0B / 0B
93.70%,0B / 0B
43.76%,0B / 0B
0.00%,0B / 0B
0.00%,0B / 0B
0.00%,0B / 0B
0.00%,0B / 0B
0.02%,0B / 0B
0.02%,0B / 0B
0.01%,0B / 0B
0.00%,0B / 0B
0.03%,0B / 0B
0.03%,0B / 0B
0.00%,0B / 0B
0.00%,0B / 0B
6.99%,0B / 0B
47.00%,0B / 0B
0.00%,0B / 0B
0.00%,0B / 0B
0.00%,0B / 0B
0.00%,0B / 0B
0.00%,0B / 0B
0.00%,0B / 0B
0.00%,0B / 0B
0.00%,0B / 0B
90.89%,0B / 0B
99.66%,0B / 0B
0.00%,0B / 0B
0.08%,0B / 0B
0.00%,0B / 0B
0.01%,0B / 0B
0.00%,0B / 0B
0.02%,0B / 0B
0.00%,0B / 0B
0.01%,0B / 0B
0.01%,0B / 0B
0.01%,0B / 0B
0.00%,0B / 0B
0.01%,0B / 0B
0.00%,0B / 0B
0.00%,0B / 0B
0.00%,0B / 0B
0.00%,0B / 0B
0.00%,0B / 0B
0.02%,0B / 0B
0.00%,0B / 0B
58.98%,0B / 0B
10.76%,0B / 0B
0.00%,0B / 0B
0.06%,0B / 0B
0.01%,0B / 0B
0.00%,0B / 0B
0.02%,0B / 0B
0.00%,0B / 0B
0.00%,0B / 0B
38.54%,0B / 0B
0.00%,0B / 0B
0.00%,0B / 0B
0.00%,0B / 0B
0.00%,0B / 0B
0.00%,0B / 0B
0.00%,0B / 0B
0.00%,0B / 0B
0.00%,0B / 0B
0.46%,0B / 0B
98.85%,0B / 0B
78.74%,0B / 0B
0.01%,0B / 0B
0.13%,0B / 0B
0.00%,0B / 0B
0.03%,0B / 0B
0.01%,0B / 0B
0.01%,0B / 0B
0.00%,0B / 0B
0.00%,0B / 0B
0.00%,0B / 0B
0.00%,0B / 0B
0.00%,0B / 0B
0.00%,0B / 0B
0.00%,0B / 0B
0.00%,0B / 0B
0.00%,0B / 0B
0.00%,0B / 0B
4.18%,0B / 0B
78.40%,0B / 0B
0.00%,0B / 0B
0.10%,0B / 0B
0.01%,0B / 0B
0.00%,0B / 0B
0.32%,0B / 0B
0.03%,0B / 0B
0.00%,0B / 0B
44.11%,0B / 0B
45.02%,0B / 0B
0.00%,0B / 0B
0.00%,0B / 0B
0.00%,0B / 0B
0.00%,0B / 0B
0.00%,0B / 0B
0.00%,0B / 0B
0.00%,0B / 0B
0.00%,0B / 0B
37.98%,0B / 0B
82.19%,0B / 0B
18.71%,0B / 0B
0.00%,0B / 0B
0.00%,0B / 0B
0.00%,0B / 0B
0.02%,0B / 0B
0.00%,0B / 0B
0.00%,0B / 0B
0.00%,0B / 0B
0.00%,0B / 0B
0.00%,0B / 0B
0.00%,0B / 0B
0.00%,0B / 0B
0.00%,0B / 0B
0.00%,0B / 0B
0.00%,0B / 0B
94.86%,0B / 0B
1.27%,0B / 0B
0.07%,0B / 0B
0.00%,0B / 0B
0.00%,0B / 0B
0.00%,0B / 0B
0.00%,0B / 0B
0.00%,0B / 0B
36.55%,0B / 0B
45.75%,0B / 0B
0.00%,0B / 0B
0.00%,0B / 0B
0.00%,0B / 0B
0.00%,0B / 0B
0.00%,0B / 0B
0.00%,0B / 0B
0.00%,0B / 0B
0.00%,0B / 0B
0.00%,0B / 0B
0.00%,0B / 0B
21.86%,0B / 0B
99.06%,0B / 0B
0.01%,0B / 0B
0.01%,0B / 0B
0.00%,0B / 0B
0.00%,0B / 0B
0.03%,0B / 0B
0.00%,0B / 0B
0.01%,0B / 0B
0.00%,0B / 0B
0.00%,0B / 0B
0.00%,0B / 0B
0.00%,0B / 0B
0.00%,0B / 0B
0.00%,0B / 0B
0.00%,0B / 0B
0.00%,0B / 0B
87.19%,0B / 0B
0.00%,0B / 0B
0.00%,0B / 0B
0.00%,0B / 0B
0.00%,0B / 0B
0.00%,0B / 0B
0.02%,0B / 0B
0.00%,0B / 0B
17.43%,0B / 0B
53.61%,0B / 0B
0.00%,0B / 0B
0.00%,0B / 0B
0.00%,0B / 0B
0.00%,0B / 0B
0.00%,0B / 0B
0.00%,0B / 0B
0.00%,0B / 0B
92.49%,0B / 0B
96.05%,0B / 0B
0.00%,0B / 0B
0.00%,0B / 0B
0.00%,0B / 0B
0.00%,0B / 0B
0.02%,0B / 0B
0.00%,0B / 0B
0.00%,0B / 0B
0.00%,0B / 0B
0.00%,0B / 0B
0.00%,0B / 0B
0.00%,0B / 0B
0.00%,0B / 0B
0.00%,0B / 0B
0.01%,0B / 0B
0.00%,0B / 0B
0.00%,0B / 0B
0.00%,0B / 0B
90.54%,0B / 0B
0.01%,0B / 0B
0.08%,0B / 0B
0.00%,0B / 0B
0.00%,0B / 0B
0.02%,0B / 0B
25.33%,0B / 0B
0.00%,0B / 0B
0.00%,0B / 0B
0.00%,0B / 0B
0.00%,0B / 0B
0.00%,0B / 0B
0.00%,0B / 0B
0.00%,0B / 0B
0.00%,0B / 0B
0.00%,0B / 0B
0.00%,0B / 0B
0.00%,0B / 0B
103.43%,0B / 0B
133.77%,0B / 0B
0.00%,0B / 0B
0.00%,0B / 0B
0.00%,0B / 0B
0.01%,0B / 0B
0.00%,0B / 0B
0.01%,0B / 0B
0.00%,0B / 0B
0.00%,0B / 0B
0.00%,0B / 0B
0.00%,0B / 0B
0.00%,0B / 0B
0.00%,0B / 0B
0.01%,0B / 0B
0.00%,0B / 0B
0.00%,0B / 0B
0.00%,0B / 0B
0.00%,0B / 0B
62.59%,0B / 0B
90.11%,0B / 0B
0.01%,0B / 0B
0.08%,0B / 0B
0.00%,0B / 0B
0.00%,0B / 0B
0.00%,0B / 0B
0.02%,0B / 0B
0.00%,0B / 0B
0.00%,0B / 0B
0.00%,0B / 0B
44.52%,0B / 0B
0.00%,0B / 0B
0.00%,0B / 0B
0.00%,0B / 0B
0.00%,0B / 0B
0.00%,0B / 0B
0.00%,0B / 0B
0.01%,0B / 0B
0.00%,0B / 0B
92.52%,0B / 0B
64.20%,0B / 0B
37.39%,0B / 0B
0.08%,0B / 0B
0.00%,0B / 0B
0.03%,0B / 0B
0.02%,0B / 0B
0.01%,0B / 0B
0.00%,0B / 0B
0.00%,0B / 0B
0.00%,0B / 0B
0.00%,0B / 0B
0.00%,0B / 0B
0.00%,0B / 0B
0.00%,0B / 0B
0.00%,0B / 0B
0.00%,0B / 0B
50.80%,0B / 0B
28.71%,0B / 0B
0.01%,0B / 0B
0.00%,0B / 0B
0.00%,0B / 0B
0.03%,0B / 0B
0.00%,0B / 0B
46.13%,0B / 0B
0.00%,0B / 0B
0.00%,0B / 0B
0.00%,0B / 0B
0.00%,0B / 0B
0.00%,0B / 0B
0.00%,0B / 0B
0.00%,0B / 0B
0.00%,0B / 0B
0.00%,0B / 0B
0.00%,0B / 0B
58.40%,0B / 0B
153.92%,0B / 0B
0.04%,0B / 0B
0.00%,0B / 0B
0.00%,0B / 0B
0.01%,0B / 0B
0.01%,0B / 0B
0.00%,0B / 0B
0.00%,0B / 0B
0.00%,0B / 0B
0.00%,0B / 0B
0.01%,0B / 0B
0.00%,0B / 0B
0.00%,0B / 0B
0.00%,0B / 0B
0.00%,0B / 0B
0.00%,0B / 0B
0.00%,0B / 0B
0.00%,0B / 0B
0.00%,0B / 0B
3.39%,0B / 0B
92.76%,0B / 0B
0.00%,0B / 0B
0.01%,0B / 0B
0.07%,0B / 0B
0.00%,0B / 0B
0.00%,0B / 0B
0.03%,0B / 0B
0.00%,0B / 0B
0.00%,0B / 0B
30.61%,0B / 0B
45.22%,0B / 0B
0.00%,0B / 0B
0.00%,0B / 0B
0.00%,0B / 0B
0.00%,0B / 0B
0.00%,0B / 0B
0.00%,0B / 0B
0.00%,0B / 0B
31.52%,0B / 0B
76.38%,0B / 0B
135.65%,0B / 0B
0.00%,0B / 0B
0.00%,0B / 0B
0.00%,0B / 0B
0.02%,0B / 0B
0.01%,0B / 0B
0.00%,0B / 0B
0.00%,0B / 0B
0.00%,0B / 0B
0.00%,0B / 0B
0.00%,0B / 0B
0.00%,0B / 0B
0.00%,0B / 0B
0.00%,0B / 0B
0.00%,0B / 0B
0.00%,0B / 0B
0.00%,0B / 0B
0.00%,0B / 0B
75.50%,0B / 0B
0.00%,0B / 0B
0.06%,0B / 0B
0.00%,0B / 0B
0.00%,0B / 0B
0.00%,0B / 0B
0.05%,0B / 0B
0.00%,0B / 0B
0.00%,0B / 0B
0.00%,0B / 0B
44.20%,0B / 0B
0.00%,0B / 0B
0.00%,0B / 0B
0.00%,0B / 0B
0.00%,0B / 0B
0.00%,0B / 0B
0.00%,0B / 0B
0.00%,0B / 0B
66.46%,0B / 0B
0.00%,0B / 0B
0.07%,0B / 0B
0.00%,0B / 0B
0.00%,0B / 0B
0.00%,0B / 0B
0.04%,0B / 0B
0.00%,0B / 0B
0.00%,0B / 0B
0.00%,0B / 0B
0.00%,0B / 0B
0.00%,0B / 0B
0.00%,0B / 0B
0.00%,0B / 0B
0.00%,0B / 0B
0.00%,0B / 0B
0.00%,0B / 0B
20.91%,0B / 0B
0.00%,0B / 0B
0.00%,0B / 0B
0.01%,0B / 0B
0.00%,0B / 0B
0.00%,0B / 0B
0.02%,0B / 0B
12.86%,0B / 0B
0.00%,0B / 0B
0.00%,0B / 0B
0.00%,0B / 0B
0.00%,0B / 0B
0.00%,0B / 0B
0.00%,0B / 0B
0.00%,0B / 0B
0.01%,0B / 0B
21.06%,0B / 0B
41.57%,0B / 0B
0.00%,0B / 0B
0.00%,0B / 0B
0.00%,0B / 0B
0.00%,0B / 0B
0.05%,0B / 0B
0.00%,0B / 0B
0.08%,0B / 0B
0.01%,0B / 0B
38.62%,0B / 0B
0.00%,0B / 0B
0.00%,0B / 0B
0.00%,0B / 0B
0.00%,0B / 0B
0.00%,0B / 0B
0.00%,0B / 0B
0.00%,0B / 0B
0.00%,0B / 0B
0.00%,0B / 0B
9.53%,0B / 0B
0.01%,0B / 0B
0.00%,0B / 0B
0.08%,0B / 0B
0.00%,0B / 0B
0.00%,0B / 0B
0.01%,0B / 0B
0.00%,0B / 0B
44.41%,0B / 0B
44.83%,0B / 0B
0.00%,0B / 0B
0.00%,0B / 0B
0.00%,0B / 0B
0.00%,0B / 0B
0.01%,0B / 0B
0.00%,0B / 0B
0.00%,0B / 0B
0.00%,0B / 0B
0.00%,0B / 0B
3.31%,0B / 0B
132.04%,0B / 0B
0.00%,0B / 0B
0.00%,0B / 0B
0.00%,0B / 0B
0.00%,0B / 0B
0.03%,0B / 0B
0.00%,0B / 0B
0.00%,0B / 0B
0.00%,0B / 0B
0.00%,0B / 0B
0.00%,0B / 0B
0.00%,0B / 0B
0.00%,0B / 0B
0.00%,0B / 0B
0.00%,0B / 0B
0.00%,0B / 0B
2.66%,0B / 0B
0.00%,0B / 0B
0.08%,0B / 0B
0.01%,0B / 0B
0.00%,0B / 0B
18.09%,0B / 0B
0.00%,0B / 0B
0.01%,0B / 0B
0.00%,0B / 0B
0.00%,0B / 0B
0.00%,0B / 0B
0.00%,0B / 0B
0.00%,0B / 0B
0.00%,0B / 0B
0.00%,0B / 0B
0.00%,0B / 0B
0.00%,0B / 0B
142.21%,0B / 0B
0.10%,0B / 0B
0.00%,0B / 0B
0.00%,0B / 0B
0.00%,0B / 0B
0.00%,0B / 0B
0.05%,0B / 0B
0.00%,0B / 0B
0.00%,0B / 0B
0.00%,0B / 0B
0.00%,0B / 0B
0.00%,0B / 0B
0.01%,0B / 0B
0.00%,0B / 0B
0.00%,0B / 0B
0.00%,0B / 0B
0.00%,0B / 0B
0.01%,0B / 0B
0.00%,0B / 0B
0.01%,0B / 0B
0.00%,0B / 0B
0.00%,0B / 0B
0.00%,0B / 0B
0.00%,0B / 0B
0.00%,0B / 0B
36.38%,0B / 0B
0.00%,0B / 0B
0.00%,0B / 0B
0.00%,0B / 0B
0.00%,0B / 0B
17.57%,0B / 0B
0.00%,0B / 0B
0.00%,0B / 0B
0.00%,0B / 0B
0.00%,0B / 0B
0.00%,0B / 0B
0.01%,0B / 0B
0.00%,0B / 0B
5.38%,0B / 0B
9.79%,0B / 0B
0.10%,0B / 0B
0.00%,0B / 0B
0.00%,0B / 0B
0.00%,0B / 0B
0.04%,0B / 0B
0.00%,0B / 0B
0.00%,0B / 0B
0.00%,0B / 0B
0.01%,0B / 0B
0.01%,0B / 0B
0.01%,0B / 0B
0.01%,0B / 0B
0.00%,0B / 0B
0.01%,0B / 0B
0.04%,0B / 0B
0.00%,0B / 0B
0.00%,0B / 0B
0.00%,0B / 0B
0.00%,0B / 0B
48.60%,0B / 0B
14.66%,0B / 0B
0.00%,0B / 0B
0.00%,0B / 0B
0.00%,0B / 0B
0.00%,0B / 0B
0.00%,0B / 0B
167.31%,0B / 0B
0.00%,0B / 0B
0.00%,0B / 0B
0.00%,0B / 0B
0.00%,0B / 0B
0.06%,0B / 0B
0.01%,0B / 0B
0.00%,0B / 0B
0.00%,0B / 0B
0.00%,0B / 0B
0.00%,0B / 0B
0.00%,0B / 0B
0.00%,0B / 0B
0.00%,0B / 0B
0.00%,0B / 0B
0.00%,0B / 0B
0.00%,0B / 0B
0.00%,0B / 0B
0.00%,0B / 0B
0.00%,0B / 0B
0.09%,0B / 0B
0.00%,0B / 0B
0.00%,0B / 0B
0.00%,0B / 0B
0.00%,0B / 0B
0.00%,0B / 0B
0.00%,0B / 0B
44.46%,0B / 0B
44.23%,0B / 0B
0.00%,0B / 0B
3.44%,0B / 0B
0.00%,0B / 0B
0.00%,0B / 0B
0.00%,0B / 0B
0.00%,0B / 0B
153.65%,0B / 0B
0.00%,0B / 0B
0.01%,0B / 0B
0.00%,0B / 0B
0.00%,0B / 0B
0.02%,0B / 0B
0.00%,0B / 0B
0.00%,0B / 0B
0.00%,0B / 0B
0.00%,0B / 0B
0.00%,0B / 0B
0.00%,0B / 0B
0.00%,0B / 0B
0.00%,0B / 0B
0.00%,0B / 0B
0.00%,0B / 0B
2.50%,0B / 0B
0.00%,0B / 0B
0.01%,0B / 0B
0.00%,0B / 0B
0.00%,0B / 0B
1.76%,0B / 0B
48.95%,0B / 0B
43.78%,0B / 0B
0.00%,0B / 0B
0.00%,0B / 0B
0.00%,0B / 0B
0.00%,0B / 0B
0.00%,0B / 0B
0.00%,0B / 0B
0.00%,0B / 0B
0.00%,0B / 0B
0.00%,0B / 0B
142.88%,0B / 0B
0.00%,0B / 0B
0.00%,0B / 0B
0.00%,0B / 0B
0.00%,0B / 0B
0.00%,0B / 0B
0.00%,0B / 0B
0.00%,0B / 0B
0.01%,0B / 0B
0.00%,0B / 0B
0.00%,0B / 0B
0.00%,0B / 0B
0.00%,0B / 0B
0.00%,0B / 0B
0.00%,0B / 0B
2.60%,0B / 0B
0.00%,0B / 0B
0.00%,0B / 0B
0.01%,0B / 0B
44.22%,0B / 0B
34.52%,0B / 0B
0.00%,0B / 0B
0.00%,0B / 0B
0.00%,0B / 0B
0.00%,0B / 0B
0.00%,0B / 0B
0.00%,0B / 0B
0.00%,0B / 0B
0.00%,0B / 0B
0.00%,0B / 0B
0.00%,0B / 0B
0.01%,0B / 0B
0.00%,0B / 0B
0.00%,0B / 0B
38.22%,0B / 0B
2.72%,0B / 0B
0.08%,0B / 0B
0.00%,0B / 0B
0.00%,0B / 0B
0.00%,0B / 0B
0.03%,0B / 0B
0.00%,0B / 0B
0.00%,0B / 0B
0.00%,0B / 0B
0.00%,0B / 0B
0.00%,0B / 0B
0.00%,0B / 0B
0.00%,0B / 0B
0.00%,0B / 0B
0.00%,0B / 0B
0.00%,0B / 0B
0.00%,0B / 0B
0.01%,0B / 0B
0.39%,0B / 0B
0.00%,0B / 0B
0.07%,0B / 0B
0.00%,0B / 0B
15.63%,0B / 0B
0.00%,0B / 0B
0.02%,0B / 0B
0.00%,0B / 0B
0.00%,0B / 0B
0.00%,0B / 0B
17.61%,0B / 0B
0.00%,0B / 0B
0.00%,0B / 0B
0.00%,0B / 0B
0.00%,0B / 0B
0.01%,0B / 0B
0.00%,0B / 0B
0.00%,0B / 0B
59.80%,0B / 0B
118.72%,0B / 0B
0.00%,0B / 0B
0.08%,0B / 0B
0.00%,0B / 0B
0.00%,0B / 0B
0.00%,0B / 0B
0.03%,0B / 0B
0.00%,0B / 0B
0.00%,0B / 0B
0.00%,0B / 0B
0.00%,0B / 0B
0.00%,0B / 0B
0.00%,0B / 0B
0.00%,0B / 0B
0.00%,0B / 0B
0.00%,0B / 0B
21.56%,0B / 0B
0.00%,0B / 0B
44.96%,0B / 0B
0.00%,0B / 0B
0.00%,0B / 0B
0.00%,0B / 0B
0.00%,0B / 0B
0.01%,0B / 0B
0.00%,0B / 0B
0.00%,0B / 0B
0.00%,0B / 0B
0.01%,0B / 0B
0.00%,0B / 0B
0.00%,0B / 0B
0.00%,0B / 0B
0.00%,0B / 0B
52.92%,0B / 0B
60.55%,0B / 0B
54.59%,0B / 0B
0.10%,0B / 0B
0.06%,0B / 0B
0.00%,0B / 0B
0.02%,0B / 0B
0.03%,0B / 0B
0.00%,0B / 0B
0.00%,0B / 0B
0.00%,0B / 0B
0.00%,0B / 0B
0.00%,0B / 0B
0.00%,0B / 0B
0.00%,0B / 0B
0.01%,0B / 0B
0.00%,0B / 0B
0.01%,0B / 0B
0.00%,0B / 0B
78.69%,0B / 0B
20.18%,0B / 0B
45.81%,0B / 0B
45.00%,0B / 0B
0.00%,0B / 0B
0.00%,0B / 0B
0.00%,0B / 0B
0.03%,0B / 0B
0.03%,0B / 0B
0.00%,0B / 0B
0.00%,0B / 0B
0.00%,0B / 0B
0.00%,0B / 0B
0.00%,0B / 0B
0.00%,0B / 0B
0.00%,0B / 0B
0.00%,0B / 0B
0.00%,0B / 0B
0.01%,0B / 0B
0.00%,0B / 0B
0.00%,0B / 0B
0.00%,0B / 0B
0.00%,0B / 0B
0.00%,0B / 0B
0.00%,0B / 0B
0.00%,0B / 0B
0.00%,0B / 0B
86.84%,0B / 0B
145.59%,0B / 0B
105.07%,0B / 0B
0.07%,0B / 0B
0.00%,0B / 0B
0.00%,0B / 0B
0.00%,0B / 0B
0.02%,0B / 0B
0.00%,0B / 0B
0.00%,0B / 0B
0.00%,0B / 0B
0.00%,0B / 0B
0.00%,0B / 0B
0.00%,0B / 0B
0.01%,0B / 0B
0.00%,0B / 0B
0.00%,0B / 0B
43.89%,0B / 0B
39.02%,0B / 0B
0.00%,0B / 0B
25.65%,0B / 0B
58.16%,0B / 0B
21.80%,0B / 0B
0.10%,0B / 0B
0.00%,0B / 0B
0.00%,0B / 0B
0.02%,0B / 0B
0.00%,0B / 0B
0.00%,0B / 0B
0.00%,0B / 0B
0.00%,0B / 0B
0.00%,0B / 0B
0.00%,0B / 0B
0.00%,0B / 0B
0.00%,0B / 0B
0.00%,0B / 0B
0.00%,0B / 0B
0.00%,0B / 0B
0.00%,0B / 0B
0.00%,0B / 0B
92.64%,0B / 0B
100.70%,0B / 0B
56.68%,0B / 0B
0.00%,0B / 0B
0.00%,0B / 0B
0.00%,0B / 0B
0.00%,0B / 0B
0.00%,0B / 0B
0.06%,0B / 0B
0.00%,0B / 0B
0.00%,0B / 0B
0.00%,0B / 0B
0.00%,0B / 0B
0.00%,0B / 0B
13.24%,0B / 0B
44.93%,0B / 0B
34.73%,0B / 0B
55.32%,0B / 0B
107.87%,0B / 0B
5.35%,0B / 0B
0.00%,0B / 0B
0.06%,0B / 0B
0.00%,0B / 0B
0.00%,0B / 0B
0.03%,0B / 0B
0.00%,0B / 0B
0.00%,0B / 0B
0.00%,0B / 0B
0.00%,0B / 0B
0.00%,0B / 0B
0.00%,0B / 0B
0.00%,0B / 0B
0.00%,0B / 0B
0.00%,0B / 0B
0.00%,0B / 0B
0.00%,0B / 0B
0.00%,0B / 0B
63.68%,0B / 0B
90.81%,0B / 0B
101.26%,0B / 0B
126.82%,0B / 0B
0.00%,0B / 0B
0.00%,0B / 0B
0.03%,0B / 0B
0.02%,0B / 0B
0.00%,0B / 0B
0.00%,0B / 0B
0.00%,0B / 0B
0.00%,0B / 0B
0.00%,0B / 0B
0.00%,0B / 0B
0.00%,0B / 0B
0.00%,0B / 0B
0.00%,0B / 0B
0.00%,0B / 0B
0.00%,0B / 0B
9.90%,0B / 0B
99.98%,0B / 0B
13.39%,0B / 0B
44.47%,0B / 0B
44.41%,0B / 0B
9.49%,0B / 0B
0.00%,0B / 0B
0.01%,0B / 0B
0.03%,0B / 0B
0.03%,0B / 0B
0.00%,0B / 0B
0.00%,0B / 0B
0.00%,0B / 0B
0.00%,0B / 0B
0.00%,0B / 0B
0.00%,0B / 0B
0.00%,0B / 0B
0.00%,0B / 0B
0.00%,0B / 0B
0.00%,0B / 0B
4.70%,0B / 0B
0.02%,0B / 0B
99.86%,0B / 0B
0.01%,0B / 0B
0.00%,0B / 0B
0.01%,0B / 0B
0.03%,0B / 0B
0.00%,0B / 0B
0.03%,0B / 0B
0.00%,0B / 0B
0.00%,0B / 0B
0.00%,0B / 0B
0.00%,0B / 0B
0.01%,0B / 0B
0.00%,0B / 0B
0.01%,0B / 0B
0.00%,0B / 0B
0.00%,0B / 0B
0.53%,0B / 0B
89.58%,0B / 0B
0.00%,0B / 0B
0.01%,0B / 0B
0.00%,0B / 0B
7.66%,0B / 0B
43.79%,0B / 0B
37.16%,0B / 0B
0.03%,0B / 0B
0.00%,0B / 0B
0.00%,0B / 0B
0.00%,0B / 0B
0.00%,0B / 0B
0.02%,0B / 0B
0.00%,0B / 0B
0.00%,0B / 0B
0.00%,0B / 0B
0.00%,0B / 0B
0.00%,0B / 0B
0.00%,0B / 0B
69.88%,0B / 0B
94.16%,0B / 0B
75.25%,0B / 0B
65.27%,0B / 0B
0.00%,0B / 0B
0.00%,0B / 0B
0.00%,0B / 0B
0.00%,0B / 0B
0.00%,0B / 0B
0.01%,0B / 0B
0.00%,0B / 0B
0.00%,0B / 0B
0.00%,0B / 0B
0.00%,0B / 0B
0.00%,0B / 0B
0.00%,0B / 0B
0.00%,0B / 0B
0.00%,0B / 0B
2.54%,0B / 0B
101.28%,0B / 0B
46.70%,0B / 0B
9.12%,0B / 0B
0.00%,0B / 0B
0.00%,0B / 0B
0.00%,0B / 0B
0.00%,0B / 0B
0.03%,0B / 0B
5.35%,0B / 0B
44.29%,0B / 0B
0.00%,0B / 0B
0.00%,0B / 0B
0.00%,0B / 0B
0.00%,0B / 0B
0.00%,0B / 0B
0.00%,0B / 0B
0.00%,0B / 0B
0.00%,0B / 0B
0.00%,0B / 0B
0.00%,0B / 0B
6.26%,0B / 0B
94.76%,0B / 0B
156.93%,0B / 0B
0.00%,0B / 0B
0.07%,0B / 0B
0.06%,0B / 0B
0.03%,0B / 0B
0.00%,0B / 0B
0.00%,0B / 0B
0.00%,0B / 0B
0.00%,0B / 0B
0.00%,0B / 0B
0.00%,0B / 0B
0.00%,0B / 0B
0.00%,0B / 0B
0.00%,0B / 0B
0.00%,0B / 0B
0.00%,0B / 0B
0.00%,0B / 0B
100.59%,0B / 0B
0.01%,0B / 0B
0.00%,0B / 0B
0.00%,0B / 0B
0.00%,0B / 0B
0.35%,0B / 0B
0.01%,0B / 0B
36.90%,0B / 0B
0.00%,0B / 0B
0.00%,0B / 0B
0.00%,0B / 0B
0.01%,0B / 0B
0.00%,0B / 0B
0.00%,0B / 0B
0.00%,0B / 0B
0.00%,0B / 0B
0.00%,0B / 0B
78.64%,0B / 0B
91.74%,0B / 0B
70.76%,0B / 0B
0.00%,0B / 0B
0.01%,0B / 0B
0.00%,0B / 0B
0.03%,0B / 0B
70.45%,0B / 0B
118.83%,0B / 0B
0.00%,0B / 0B
0.00%,0B / 0B
0.00%,0B / 0B
0.02%,0B / 0B
0.02%,0B / 0B
0.01%,0B / 0B
0.00%,0B / 0B
0.00%,0B / 0B
0.00%,0B / 0B
0.00%,0B / 0B
0.00%,0B / 0B
0.00%,0B / 0B
0.00%,0B / 0B
0.00%,0B / 0B
0.00%,0B / 0B
0.00%,0B / 0B
0.00%,0B / 0B
16.71%,0B / 0B
93.23%,0B / 0B
2.02%,0B / 0B
0.00%,0B / 0B
35.94%,0B / 0B
46.10%,0B / 0B
16.05%,0B / 0B
0.02%,0B / 0B
0.00%,0B / 0B
0.00%,0B / 0B
0.00%,0B / 0B
0.00%,0B / 0B
0.00%,0B / 0B
0.00%,0B / 0B
0.00%,0B / 0B
0.00%,0B / 0B
0.00%,0B / 0B
0.00%,0B / 0B
0.00%,0B / 0B
0.00%,0B / 0B
87.79%,0B / 0B
65.90%,0B / 0B
33.31%,0B / 0B
0.07%,0B / 0B
0.00%,0B / 0B
0.02%,0B / 0B
0.02%,0B / 0B
0.02%,0B / 0B
0.00%,0B / 0B
0.00%,0B / 0B
0.00%,0B / 0B
0.00%,0B / 0B
0.00%,0B / 0B
0.00%,0B / 0B
0.01%,0B / 0B
0.00%,0B / 0B
0.00%,0B / 0B
0.00%,0B / 0B
33.11%,0B / 0B
98.31%,0B / 0B
2.05%,0B / 0B
0.00%,0B / 0B
0.07%,0B / 0B
0.01%,0B / 0B
0.00%,0B / 0B
0.02%,0B / 0B
46.82%,0B / 0B
0.00%,0B / 0B
0.00%,0B / 0B
0.00%,0B / 0B
0.00%,0B / 0B
0.00%,0B / 0B
0.00%,0B / 0B
0.00%,0B / 0B
0.00%,0B / 0B
0.00%,0B / 0B
0.00%,0B / 0B
0.00%,0B / 0B
0.00%,0B / 0B
0.00%,0B / 0B
73.41%,0B / 0B
82.85%,0B / 0B
45.83%,0B / 0B
0.11%,0B / 0B
0.08%,0B / 0B
0.35%,0B / 0B
0.04%,0B / 0B
0.03%,0B / 0B
0.00%,0B / 0B
0.00%,0B / 0B
0.00%,0B / 0B
0.00%,0B / 0B
0.00%,0B / 0B
0.00%,0B / 0B
0.00%,0B / 0B
0.00%,0B / 0B
0.00%,0B / 0B
0.00%,0B / 0B
70.97%,0B / 0B
90.63%,0B / 0B
31.72%,0B / 0B
0.00%,0B / 0B
0.06%,0B / 0B
0.00%,0B / 0B
0.01%,0B / 0B
9.69%,0B / 0B
0.00%,0B / 0B
0.00%,0B / 0B
0.00%,0B / 0B
0.00%,0B / 0B
0.01%,0B / 0B
0.00%,0B / 0B
0.00%,0B / 0B
0.00%,0B / 0B
0.00%,0B / 0B
0.00%,0B / 0B
0.46%,0B / 0B
100.91%,0B / 0B
99.66%,0B / 0B
58.38%,0B / 0B
108.87%,0B / 0B
0.00%,0B / 0B
0.03%,0B / 0B
0.03%,0B / 0B
0.00%,0B / 0B
0.00%,0B / 0B
0.00%,0B / 0B
0.00%,0B / 0B
0.00%,0B / 0B
0.00%,0B / 0B
0.00%,0B / 0B
0.00%,0B / 0B
0.00%,0B / 0B
0.00%,0B / 0B
20.03%,0B / 0B
98.33%,0B / 0B
2.00%,0B / 0B
0.00%,0B / 0B
0.01%,0B / 0B
0.00%,0B / 0B
0.03%,0B / 0B
0.03%,0B / 0B
52.80%,0B / 0B
0.00%,0B / 0B
0.00%,0B / 0B
0.00%,0B / 0B
0.00%,0B / 0B
0.00%,0B / 0B
0.00%,0B / 0B
0.00%,0B / 0B
0.00%,0B / 0B
0.00%,0B / 0B
0.00%,0B / 0B
55.75%,0B / 0B
88.36%,0B / 0B
79.85%,0B / 0B
78.75%,0B / 0B
155.36%,0B / 0B
0.00%,0B / 0B
0.03%,0B / 0B
0.01%,0B / 0B
0.02%,0B / 0B
0.00%,0B / 0B
0.00%,0B / 0B
0.01%,0B / 0B
0.00%,0B / 0B
0.00%,0B / 0B
0.00%,0B / 0B
0.00%,0B / 0B
0.00%,0B / 0B
0.00%,0B / 0B
0.93%,0B / 0B
99.17%,0B / 0B
100.77%,0B / 0B
8.65%,0B / 0B
0.00%,0B / 0B
0.00%,0B / 0B
0.00%,0B / 0B
0.03%,0B / 0B
0.02%,0B / 0B
14.13%,0B / 0B
0.00%,0B / 0B
0.00%,0B / 0B
0.00%,0B / 0B
0.00%,0B / 0B
0.00%,0B / 0B
0.00%,0B / 0B
0.00%,0B / 0B
0.00%,0B / 0B
0.00%,0B / 0B
0.00%,0B / 0B
77.32%,0B / 0B
90.84%,0B / 0B
112.67%,0B / 0B
0.00%,0B / 0B
0.00%,0B / 0B
0.00%,0B / 0B
0.00%,0B / 0B
6.56%,0B / 0B
0.00%,0B / 0B
0.00%,0B / 0B
0.02%,0B / 0B
0.00%,0B / 0B
0.00%,0B / 0B
0.00%,0B / 0B
0.00%,0B / 0B
0.00%,0B / 0B
0.00%,0B / 0B
0.00%,0B / 0B
106.27%,0B / 0B
56.45%,0B / 0B
0.00%,0B / 0B
0.07%,0B / 0B
0.00%,0B / 0B
0.00%,0B / 0B
0.02%,0B / 0B
0.00%,0B / 0B
0.00%,0B / 0B
0.00%,0B / 0B
44.48%,0B / 0B
15.74%,0B / 0B
0.00%,0B / 0B
0.00%,0B / 0B
0.00%,0B / 0B
0.00%,0B / 0B
0.00%,0B / 0B
0.00%,0B / 0B
0.00%,0B / 0B
68.32%,0B / 0B
100.41%,0B / 0B
137.67%,0B / 0B
0.00%,0B / 0B
0.07%,0B / 0B
0.00%,0B / 0B
0.02%,0B / 0B
0.02%,0B / 0B
0.00%,0B / 0B
0.00%,0B / 0B
0.00%,0B / 0B
0.00%,0B / 0B
0.00%,0B / 0B
0.00%,0B / 0B
0.00%,0B / 0B
0.00%,0B / 0B
0.00%,0B / 0B
0.00%,0B / 0B
0.00%,0B / 0B
51.35%,0B / 0B
91.64%,0B / 0B
100.45%,0B / 0B
0.00%,0B / 0B
0.00%,0B / 0B
0.00%,0B / 0B
0.03%,0B / 0B
0.03%,0B / 0B
0.00%,0B / 0B
0.00%,0B / 0B
0.00%,0B / 0B
0.00%,0B / 0B
1.94%,0B / 0B
0.00%,0B / 0B
0.00%,0B / 0B
0.00%,0B / 0B
0.00%,0B / 0B
0.00%,0B / 0B
0.00%,0B / 0B
2.73%,0B / 0B
0.02%,0B / 0B
63.96%,0B / 0B
13.22%,0B / 0B
0.08%,0B / 0B
0.00%,0B / 0B
0.00%,0B / 0B
0.01%,0B / 0B
0.01%,0B / 0B
0.00%,0B / 0B
0.00%,0B / 0B
0.00%,0B / 0B
0.00%,0B / 0B
0.00%,0B / 0B
0.00%,0B / 0B
0.00%,0B / 0B
154.34%,0B / 0B
0.00%,0B / 0B
14.59%,0B / 0B
102.27%,0B / 0B
57.09%,0B / 0B
0.00%,0B / 0B
0.00%,0B / 0B
0.00%,0B / 0B
0.00%,0B / 0B
0.00%,0B / 0B
0.00%,0B / 0B
0.00%,0B / 0B
0.00%,0B / 0B
0.00%,0B / 0B
0.00%,0B / 0B
0.00%,0B / 0B
23.18%,0B / 0B
0.01%,0B / 0B
0.00%,0B / 0B
0.03%,0B / 0B
0.00%,0B / 0B
68.01%,0B / 0B
94.50%,0B / 0B
81.54%,0B / 0B
182.71%,0B / 0B
0.00%,0B / 0B
0.00%,0B / 0B
0.00%,0B / 0B
0.02%,0B / 0B
0.02%,0B / 0B
0.02%,0B / 0B
0.07%,0B / 0B
0.00%,0B / 0B
0.00%,0B / 0B
0.00%,0B / 0B
0.00%,0B / 0B
0.00%,0B / 0B
0.00%,0B / 0B
0.00%,0B / 0B
0.00%,0B / 0B
0.00%,0B / 0B
95.09%,0B / 0B
21.87%,0B / 0B
0.00%,0B / 0B
0.00%,0B / 0B
0.00%,0B / 0B
0.00%,0B / 0B
0.03%,0B / 0B
0.02%,0B / 0B
0.00%,0B / 0B
0.00%,0B / 0B
0.00%,0B / 0B
0.00%,0B / 0B
0.00%,0B / 0B
0.00%,0B / 0B
0.01%,0B / 0B
41.95%,0B / 0B
43.88%,0B / 0B
0.00%,0B / 0B
0.00%,0B / 0B
21.08%,0B / 0B
64.19%,0B / 0B
158.59%,0B / 0B
0.08%,0B / 0B
0.00%,0B / 0B
0.07%,0B / 0B
0.02%,0B / 0B
0.02%,0B / 0B
0.00%,0B / 0B
0.00%,0B / 0B
0.00%,0B / 0B
0.00%,0B / 0B
0.00%,0B / 0B
0.00%,0B / 0B
0.00%,0B / 0B
0.00%,0B / 0B
0.01%,0B / 0B
9.81%,0B / 0B
96.26%,0B / 0B
0.00%,0B / 0B
0.07%,0B / 0B
0.00%,0B / 0B
0.00%,0B / 0B
0.00%,0B / 0B
0.03%,0B / 0B
0.03%,0B / 0B
0.00%,0B / 0B
0.00%,0B / 0B
0.00%,0B / 0B
0.00%,0B / 0B
0.00%,0B / 0B
0.00%,0B / 0B
0.00%,0B / 0B
0.00%,0B / 0B
0.00%,0B / 0B
48.37%,0B / 0B
44.33%,0B / 0B
0.00%,0B / 0B
49.38%,0B / 0B
94.88%,0B / 0B
93.12%,0B / 0B
0.14%,0B / 0B
0.08%,0B / 0B
0.00%,0B / 0B
0.00%,0B / 0B
0.01%,0B / 0B
0.02%,0B / 0B
0.04%,0B / 0B
0.00%,0B / 0B
0.00%,0B / 0B
0.00%,0B / 0B
0.00%,0B / 0B
0.00%,0B / 0B
0.00%,0B / 0B
0.00%,0B / 0B
19.49%,0B / 0B
0.00%,0B / 0B
45.04%,0B / 0B
0.02%,0B / 0B
0.01%,0B / 0B
0.00%,0B / 0B
0.01%,0B / 0B
0.00%,0B / 0B
0.01%,0B / 0B
0.00%,0B / 0B
0.00%,0B / 0B
0.00%,0B / 0B
0.00%,0B / 0B
0.00%,0B / 0B
0.00%,0B / 0B
3.97%,0B / 0B
86.97%,0B / 0B
63.38%,0B / 0B
5.74%,0B / 0B
0.07%,0B / 0B
0.00%,0B / 0B
0.02%,0B / 0B
0.00%,0B / 0B
0.00%,0B / 0B
0.01%,0B / 0B
0.00%,0B / 0B
0.00%,0B / 0B
0.00%,0B / 0B
0.00%,0B / 0B
0.00%,0B / 0B
0.00%,0B / 0B
0.00%,0B / 0B
0.00%,0B / 0B
0.00%,0B / 0B
0.00%,0B / 0B
0.00%,0B / 0B
31.34%,0B / 0B
94.94%,0B / 0B
100.64%,0B / 0B
0.00%,0B / 0B
0.07%,0B / 0B
0.00%,0B / 0B
0.00%,0B / 0B
0.00%,0B / 0B
0.00%,0B / 0B
0.02%,0B / 0B
0.00%,0B / 0B
42.38%,0B / 0B
41.85%,0B / 0B
0.00%,0B / 0B
0.00%,0B / 0B
0.00%,0B / 0B
0.00%,0B / 0B
0.00%,0B / 0B
0.00%,0B / 0B
0.00%,0B / 0B
0.00%,0B / 0B
0.09%,0B / 0B
89.82%,0B / 0B
134.73%,0B / 0B
90.42%,0B / 0B
0.00%,0B / 0B
0.00%,0B / 0B
0.03%,0B / 0B
0.00%,0B / 0B
0.01%,0B / 0B
0.00%,0B / 0B
0.01%,0B / 0B
0.00%,0B / 0B
0.01%,0B / 0B
0.00%,0B / 0B
0.00%,0B / 0B
0.00%,0B / 0B
0.00%,0B / 0B
0.00%,0B / 0B
0.00%,0B / 0B
95.33%,0B / 0B
57.21%,0B / 0B
38.18%,0B / 0B
0.00%,0B / 0B
0.00%,0B / 0B
0.00%,0B / 0B
0.03%,0B / 0B
0.03%,0B / 0B
0.00%,0B / 0B
0.00%,0B / 0B
0.00%,0B / 0B
0.00%,0B / 0B
31.01%,0B / 0B
0.00%,0B / 0B
0.00%,0B / 0B
0.00%,0B / 0B
0.00%,0B / 0B
0.00%,0B / 0B
0.00%,0B / 0B
99.67%,0B / 0B
58.58%,0B / 0B
0.00%,0B / 0B
0.07%,0B / 0B
0.00%,0B / 0B
0.03%,0B / 0B
0.01%,0B / 0B
0.02%,0B / 0B
0.00%,0B / 0B
0.00%,0B / 0B
0.00%,0B / 0B
0.01%,0B / 0B
0.00%,0B / 0B
0.01%,0B / 0B
0.00%,0B / 0B
0.00%,0B / 0B
0.00%,0B / 0B
0.01%,0B / 0B
65.60%,0B / 0B
89.57%,0B / 0B
59.96%,0B / 0B
0.01%,0B / 0B
0.06%,0B / 0B
0.01%,0B / 0B
0.00%,0B / 0B
0.02%,0B / 0B
0.03%,0B / 0B
0.01%,0B / 0B
0.00%,0B / 0B
0.00%,0B / 0B
0.00%,0B / 0B
0.00%,0B / 0B
45.20%,0B / 0B
0.00%,0B / 0B
0.00%,0B / 0B
0.00%,0B / 0B
0.00%,0B / 0B
100.30%,0B / 0B
64.88%,0B / 0B
0.00%,0B / 0B
0.08%,0B / 0B
0.00%,0B / 0B
0.03%,0B / 0B
0.02%,0B / 0B
0.00%,0B / 0B
0.00%,0B / 0B
0.00%,0B / 0B
0.00%,0B / 0B
0.00%,0B / 0B
0.00%,0B / 0B
0.00%,0B / 0B
0.00%,0B / 0B
0.00%,0B / 0B
0.00%,0B / 0B
91.48%,0B / 0B
0.00%,0B / 0B
0.00%,0B / 0B
0.06%,0B / 0B
0.00%,0B / 0B
0.00%,0B / 0B
0.03%,0B / 0B
0.03%,0B / 0B
0.00%,0B / 0B
0.00%,0B / 0B
0.00%,0B / 0B
0.00%,0B / 0B
46.49%,0B / 0B
0.00%,0B / 0B
0.00%,0B / 0B
0.00%,0B / 0B
0.00%,0B / 0B
0.00%,0B / 0B
0.00%,0B / 0B
40.70%,0B / 0B
90.26%,0B / 0B
83.35%,0B / 0B
0.01%,0B / 0B
0.06%,0B / 0B
0.00%,0B / 0B
0.03%,0B / 0B
0.02%,0B / 0B
0.00%,0B / 0B
0.00%,0B / 0B
0.00%,0B / 0B
0.00%,0B / 0B
0.00%,0B / 0B
0.00%,0B / 0B
0.00%,0B / 0B
0.00%,0B / 0B
0.00%,0B / 0B
0.00%,0B / 0B
0.00%,0B / 0B
0.00%,0B / 0B
38.56%,0B / 0B
99.97%,0B / 0B
0.07%,0B / 0B
0.06%,0B / 0B
0.00%,0B / 0B
0.00%,0B / 0B
0.03%,0B / 0B
0.02%,0B / 0B
0.00%,0B / 0B
0.00%,0B / 0B
0.00%,0B / 0B
0.00%,0B / 0B
0.00%,0B / 0B
0.00%,0B / 0B
0.00%,0B / 0B
98.52%,0B / 0B
14.63%,0B / 0B
0.25%,0B / 0B
0.00%,0B / 0B
15.01%,0B / 0B
93.14%,0B / 0B
141.07%,0B / 0B
0.01%,0B / 0B
0.00%,0B / 0B
0.00%,0B / 0B
0.00%,0B / 0B
0.02%,0B / 0B
0.02%,0B / 0B
0.00%,0B / 0B
0.00%,0B / 0B
0.00%,0B / 0B
0.00%,0B / 0B
0.00%,0B / 0B
0.00%,0B / 0B
0.00%,0B / 0B
0.00%,0B / 0B
0.00%,0B / 0B
0.00%,0B / 0B
0.00%,0B / 0B
0.00%,0B / 0B
53.77%,0B / 0B
90.28%,0B / 0B
0.00%,0B / 0B
0.21%,0B / 0B
0.01%,0B / 0B
0.00%,0B / 0B
0.02%,0B / 0B
0.00%,0B / 0B
0.00%,0B / 0B
0.01%,0B / 0B
0.00%,0B / 0B
0.00%,0B / 0B
0.00%,0B / 0B
0.00%,0B / 0B
46.63%,0B / 0B
3.52%,0B / 0B
17.25%,0B / 0B
91.99%,0B / 0B
153.89%,0B / 0B
0.01%,0B / 0B
0.00%,0B / 0B
0.00%,0B / 0B
0.00%,0B / 0B
0.02%,0B / 0B
0.02%,0B / 0B
0.04%,0B / 0B
0.00%,0B / 0B
0.01%,0B / 0B
0.00%,0B / 0B
0.01%,0B / 0B
0.00%,0B / 0B
0.00%,0B / 0B
0.00%,0B / 0B
0.00%,0B / 0B
74.05%,0B / 0B
84.22%,0B / 0B
0.01%,0B / 0B
0.06%,0B / 0B
0.00%,0B / 0B
0.00%,0B / 0B
0.00%,0B / 0B
0.00%,0B / 0B
0.00%,0B / 0B
0.00%,0B / 0B
0.00%,0B / 0B
0.00%,0B / 0B
0.00%,0B / 0B
0.00%,0B / 0B
0.00%,0B / 0B
0.00%,0B / 0B
0.00%,0B / 0B
0.00%,0B / 0B
0.00%,0B / 0B
0.00%,0B / 0B
0.00%,0B / 0B
2.02%,0B / 0B
151.99%,0B / 0B
155.11%,0B / 0B
126.20%,0B / 0B
5.40%,0B / 0B
0.06%,0B / 0B
0.01%,0B / 0B
0.00%,0B / 0B
0.03%,0B / 0B
0.01%,0B / 0B
0.01%,0B / 0B
0.00%,0B / 0B
0.00%,0B / 0B
0.00%,0B / 0B
0.00%,0B / 0B
0.00%,0B / 0B
0.00%,0B / 0B
0.00%,0B / 0B
0.00%,0B / 0B
0.00%,0B / 0B
0.00%,0B / 0B
0.00%,0B / 0B
0.00%,0B / 0B
98.50%,0B / 0B
0.00%,0B / 0B
0.00%,0B / 0B
0.00%,0B / 0B
0.00%,0B / 0B
0.04%,0B / 0B
0.03%,0B / 0B
0.00%,0B / 0B
0.00%,0B / 0B
0.00%,0B / 0B
0.00%,0B / 0B
0.00%,0B / 0B
0.00%,0B / 0B
0.00%,0B / 0B
0.32%,0B / 0B
57.90%,0B / 0B
0.00%,0B / 0B
0.00%,0B / 0B
0.03%,0B / 0B
0.00%,0B / 0B
0.00%,0B / 0B
0.00%,0B / 0B
0.00%,0B / 0B
157.55%,0B / 0B
0.00%,0B / 0B
0.00%,0B / 0B
0.00%,0B / 0B
0.00%,0B / 0B
0.00%,0B / 0B
0.00%,0B / 0B
0.00%,0B / 0B
0.00%,0B / 0B
60.82%,0B / 0B
0.36%,0B / 0B
0.01%,0B / 0B
0.06%,0B / 0B
0.00%,0B / 0B
0.00%,0B / 0B
0.00%,0B / 0B
0.02%,0B / 0B
0.00%,0B / 0B
0.00%,0B / 0B
0.00%,0B / 0B
0.00%,0B / 0B
0.00%,0B / 0B
0.00%,0B / 0B
0.00%,0B / 0B
0.00%,0B / 0B
0.00%,0B / 0B
0.00%,0B / 0B
0.00%,0B / 0B
0.00%,0B / 0B
0.00%,0B / 0B
68.72%,0B / 0B
135.27%,0B / 0B
0.00%,0B / 0B
0.09%,0B / 0B
27.67%,0B / 0B
0.04%,0B / 0B
0.00%,0B / 0B
0.00%,0B / 0B
0.00%,0B / 0B
0.00%,0B / 0B
0.00%,0B / 0B
0.00%,0B / 0B
0.00%,0B / 0B
0.00%,0B / 0B
0.00%,0B / 0B
0.00%,0B / 0B
0.00%,0B / 0B
0.00%,0B / 0B
4.53%,0B / 0B
0.00%,0B / 0B
0.00%,0B / 0B
0.07%,0B / 0B
0.00%,0B / 0B
0.00%,0B / 0B
0.03%,0B / 0B
0.00%,0B / 0B
0.00%,0B / 0B
0.00%,0B / 0B
0.00%,0B / 0B
0.00%,0B / 0B
0.00%,0B / 0B
0.00%,0B / 0B
0.00%,0B / 0B
0.00%,0B / 0B
0.00%,0B / 0B
0.00%,0B / 0B
11.08%,0B / 0B
103.02%,0B / 0B
0.09%,0B / 0B
0.01%,0B / 0B
43.81%,0B / 0B
14.63%,0B / 0B
0.04%,0B / 0B
0.00%,0B / 0B
0.00%,0B / 0B
0.01%,0B / 0B
0.00%,0B / 0B
0.00%,0B / 0B
0.00%,0B / 0B
0.00%,0B / 0B
0.00%,0B / 0B
0.00%,0B / 0B
0.01%,0B / 0B
0.00%,0B / 0B
0.00%,0B / 0B
15.14%,0B / 0B
0.00%,0B / 0B
0.00%,0B / 0B
0.06%,0B / 0B
0.00%,0B / 0B
0.00%,0B / 0B
0.00%,0B / 0B
0.00%,0B / 0B
0.00%,0B / 0B
0.00%,0B / 0B
0.00%,0B / 0B
0.01%,0B / 0B
0.00%,0B / 0B
0.00%,0B / 0B
0.00%,0B / 0B
0.00%,0B / 0B
0.00%,0B / 0B
0.00%,0B / 0B
8.34%,0B / 0B
115.72%,0B / 0B
0.00%,0B / 0B
0.01%,0B / 0B
0.00%,0B / 0B
0.00%,0B / 0B
26.44%,0B / 0B
0.00%,0B / 0B
0.00%,0B / 0B
0.00%,0B / 0B
0.00%,0B / 0B
0.00%,0B / 0B
0.00%,0B / 0B
0.01%,0B / 0B
0.00%,0B / 0B
0.00%,0B / 0B
0.01%,0B / 0B
0.00%,0B / 0B
5.28%,0B / 0B
0.00%,0B / 0B
0.01%,0B / 0B
0.06%,0B / 0B
0.00%,0B / 0B
0.00%,0B / 0B
0.00%,0B / 0B
0.04%,0B / 0B
0.00%,0B / 0B
0.00%,0B / 0B
0.00%,0B / 0B
19.26%,0B / 0B
0.00%,0B / 0B
0.00%,0B / 0B
0.00%,0B / 0B
0.00%,0B / 0B
0.00%,0B / 0B
0.00%,0B / 0B
0.00%,0B / 0B
0.01%,0B / 0B
75.31%,0B / 0B
101.89%,0B / 0B
0.00%,0B / 0B
0.01%,0B / 0B
0.00%,0B / 0B
0.00%,0B / 0B
30.54%,0B / 0B
0.00%,0B / 0B
0.00%,0B / 0B
0.00%,0B / 0B
0.00%,0B / 0B
0.00%,0B / 0B
0.00%,0B / 0B
0.00%,0B / 0B
0.00%,0B / 0B
0.00%,0B / 0B
0.00%,0B / 0B
0.00%,0B / 0B
3.95%,0B / 0B
0.00%,0B / 0B
0.00%,0B / 0B
0.08%,0B / 0B
0.00%,0B / 0B
0.00%,0B / 0B
0.00%,0B / 0B
0.05%,0B / 0B
0.00%,0B / 0B
0.00%,0B / 0B
0.00%,0B / 0B
0.00%,0B / 0B
0.01%,0B / 0B
0.00%,0B / 0B
0.00%,0B / 0B
0.01%,0B / 0B
0.00%,0B / 0B
0.00%,0B / 0B
99.50%,0B / 0B
0.00%,0B / 0B
0.01%,0B / 0B
0.00%,0B / 0B
0.00%,0B / 0B
0.04%,0B / 0B
0.00%,0B / 0B
0.01%,0B / 0B
0.00%,0B / 0B
0.00%,0B / 0B
0.00%,0B / 0B
0.00%,0B / 0B
0.00%,0B / 0B
0.01%,0B / 0B
0.00%,0B / 0B
0.00%,0B / 0B
0.00%,0B / 0B
0.01%,0B / 0B
0.39%,0B / 0B
0.00%,0B / 0B
0.00%,0B / 0B
0.01%,0B / 0B
0.00%,0B / 0B
0.00%,0B / 0B
0.01%,0B / 0B
0.00%,0B / 0B
0.00%,0B / 0B
0.00%,0B / 0B
0.00%,0B / 0B
0.00%,0B / 0B
0.01%,0B / 0B
0.00%,0B / 0B
0.00%,0B / 0B
0.00%,0B / 0B
0.00%,0B / 0B
0.00%,0B / 0B
77.06%,0B / 0B
83.88%,0B / 0B
0.00%,0B / 0B
0.00%,0B / 0B
0.00%,0B / 0B
0.01%,0B / 0B
0.05%,0B / 0B
0.00%,0B / 0B
0.00%,0B / 0B
0.00%,0B / 0B
0.00%,0B / 0B
0.00%,0B / 0B
0.01%,0B / 0B
0.00%,0B / 0B
0.00%,0B / 0B
0.01%,0B / 0B
2.91%,0B / 0B
0.00%,0B / 0B
0.06%,0B / 0B
0.00%,0B / 0B
0.00%,0B / 0B
0.00%,0B / 0B
0.00%,0B / 0B
0.00%,0B / 0B
0.00%,0B / 0B
0.00%,0B / 0B
0.00%,0B / 0B
0.00%,0B / 0B
0.00%,0B / 0B
0.00%,0B / 0B
0.00%,0B / 0B
0.00%,0B / 0B
0.00%,0B / 0B
103.66%,0B / 0B
0.01%,0B / 0B
0.10%,0B / 0B
0.00%,0B / 0B
0.00%,0B / 0B
0.35%,0B / 0B
0.00%,0B / 0B
0.00%,0B / 0B
0.01%,0B / 0B
0.00%,0B / 0B
160.22%,0B / 0B
0.00%,0B / 0B
0.00%,0B / 0B
0.00%,0B / 0B
0.00%,0B / 0B
0.04%,0B / 0B
0.00%,0B / 0B
0.01%,0B / 0B
0.00%,0B / 0B
0.00%,0B / 0B
0.00%,0B / 0B
0.00%,0B / 0B
0.00%,0B / 0B
0.00%,0B / 0B
0.00%,0B / 0B
0.00%,0B / 0B
0.00%,0B / 0B
0.00%,0B / 0B
0.00%,0B / 0B
0.01%,0B / 0B
0.00%,0B / 0B
0.06%,0B / 0B
0.00%,0B / 0B
0.01%,0B / 0B
0.00%,0B / 0B
0.01%,0B / 0B
0.00%,0B / 0B
0.00%,0B / 0B
9.47%,0B / 0B
0.00%,0B / 0B
0.00%,0B / 0B
0.00%,0B / 0B
0.00%,0B / 0B
0.00%,0B / 0B
0.01%,0B / 0B
0.00%,0B / 0B
35.48%,0B / 0B
8.58%,0B / 0B
0.09%,0B / 0B
0.07%,0B / 0B
0.01%,0B / 0B
0.00%,0B / 0B
0.00%,0B / 0B
0.00%,0B / 0B
0.00%,0B / 0B
0.00%,0B / 0B
0.00%,0B / 0B
0.00%,0B / 0B
0.00%,0B / 0B
0.00%,0B / 0B
0.00%,0B / 0B
0.00%,0B / 0B
0.01%,0B / 0B
7.09%,0B / 0B
0.00%,0B / 0B
0.00%,0B / 0B
0.08%,0B / 0B
0.00%,0B / 0B
0.00%,0B / 0B
0.00%,0B / 0B
0.02%,0B / 0B
0.00%,0B / 0B
0.00%,0B / 0B
0.00%,0B / 0B
0.01%,0B / 0B
0.00%,0B / 0B
0.00%,0B / 0B
0.00%,0B / 0B
0.00%,0B / 0B
0.00%,0B / 0B
0.00%,0B / 0B
0.00%,0B / 0B
80.36%,0B / 0B
0.01%,0B / 0B
0.08%,0B / 0B
0.00%,0B / 0B
0.00%,0B / 0B
0.04%,0B / 0B
0.00%,0B / 0B
0.00%,0B / 0B
0.00%,0B / 0B
0.02%,0B / 0B
0.00%,0B / 0B
0.00%,0B / 0B
0.00%,0B / 0B
0.00%,0B / 0B
0.00%,0B / 0B
48.25%,0B / 0B
0.00%,0B / 0B
0.00%,0B / 0B
0.00%,0B / 0B
46.09%,0B / 0B
11.99%,0B / 0B
0.05%,0B / 0B
0.00%,0B / 0B
0.00%,0B / 0B
20.54%,0B / 0B
0.00%,0B / 0B
0.00%,0B / 0B
0.00%,0B / 0B
0.00%,0B / 0B
0.00%,0B / 0B
0.00%,0B / 0B
0.00%,0B / 0B
0.00%,0B / 0B
0.00%,0B / 0B
0.00%,0B / 0B
133.04%,0B / 0B
0.00%,0B / 0B
0.01%,0B / 0B
0.00%,0B / 0B
0.00%,0B / 0B
0.08%,0B / 0B
0.00%,0B / 0B
0.01%,0B / 0B
0.00%,0B / 0B
0.00%,0B / 0B
0.00%,0B / 0B
0.00%,0B / 0B
0.00%,0B / 0B
0.00%,0B / 0B
0.00%,0B / 0B
0.00%,0B / 0B
0.00%,0B / 0B
20.70%,0B / 0B
0.00%,0B / 0B
0.00%,0B / 0B
0.00%,0B / 0B
47.91%,0B / 0B
20.99%,0B / 0B
0.05%,0B / 0B
0.00%,0B / 0B
0.00%,0B / 0B
0.00%,0B / 0B
0.00%,0B / 0B
0.00%,0B / 0B
0.00%,0B / 0B
0.00%,0B / 0B
0.01%,0B / 0B
0.00%,0B / 0B
0.00%,0B / 0B
0.00%,0B / 0B
0.00%,0B / 0B
0.00%,0B / 0B
0.00%,0B / 0B
92.30%,0B / 0B
83.05%,0B / 0B
0.01%,0B / 0B
0.00%,0B / 0B
0.00%,0B / 0B
0.02%,0B / 0B
0.01%,0B / 0B
0.00%,0B / 0B
0.00%,0B / 0B
0.00%,0B / 0B
0.00%,0B / 0B
0.00%,0B / 0B
0.00%,0B / 0B
0.00%,0B / 0B
0.00%,0B / 0B
0.00%,0B / 0B
0.00%,0B / 0B
0.93%,0B / 0B
2.55%,0B / 0B
0.00%,0B / 0B
0.06%,0B / 0B
0.00%,0B / 0B
0.01%,0B / 0B
0.05%,0B / 0B
19.35%,0B / 0B
0.00%,0B / 0B
0.00%,0B / 0B
0.00%,0B / 0B
94.03%,0B / 0B
0.00%,0B / 0B
0.00%,0B / 0B
0.00%,0B / 0B
0.00%,0B / 0B
0.04%,0B / 0B
0.00%,0B / 0B
0.00%,0B / 0B
0.00%,0B / 0B
0.00%,0B / 0B
0.00%,0B / 0B
0.00%,0B / 0B
0.00%,0B / 0B
0.00%,0B / 0B
0.00%,0B / 0B
0.00%,0B / 0B
0.00%,0B / 0B
0.00%,0B / 0B
58.19%,0B / 0B
157.03%,0B / 0B
0.08%,0B / 0B
0.00%,0B / 0B
0.00%,0B / 0B
0.02%,0B / 0B
0.00%,0B / 0B
0.00%,0B / 0B
0.00%,0B / 0B
0.00%,0B / 0B
0.00%,0B / 0B
0.00%,0B / 0B
44.23%,0B / 0B
36.34%,0B / 0B
0.00%,0B / 0B
0.00%,0B / 0B
0.00%,0B / 0B
0.00%,0B / 0B
91.25%,0B / 0B
0.00%,0B / 0B
0.01%,0B / 0B
0.00%,0B / 0B
0.00%,0B / 0B
0.00%,0B / 0B
0.00%,0B / 0B
0.00%,0B / 0B
0.00%,0B / 0B
0.00%,0B / 0B
0.00%,0B / 0B
0.00%,0B / 0B
0.00%,0B / 0B
0.00%,0B / 0B
0.00%,0B / 0B
0.00%,0B / 0B
0.00%,0B / 0B
0.00%,0B / 0B
0.00%,0B / 0B
87.99%,0B / 0B
61.21%,0B / 0B
0.00%,0B / 0B
0.06%,0B / 0B
0.00%,0B / 0B
0.00%,0B / 0B
0.03%,0B / 0B
0.00%,0B / 0B
0.00%,0B / 0B
0.00%,0B / 0B
0.00%,0B / 0B
0.00%,0B / 0B
21.56%,0B / 0B
0.00%,0B / 0B
0.01%,0B / 0B
0.00%,0B / 0B
0.01%,0B / 0B
82.37%,0B / 0B
91.58%,0B / 0B
0.00%,0B / 0B
0.00%,0B / 0B
0.07%,0B / 0B
0.00%,0B / 0B
0.00%,0B / 0B
0.00%,0B / 0B
0.00%,0B / 0B
0.00%,0B / 0B
0.00%,0B / 0B
0.00%,0B / 0B
0.00%,0B / 0B
0.00%,0B / 0B
0.00%,0B / 0B
0.00%,0B / 0B
0.00%,0B / 0B
0.00%,0B / 0B
0.00%,0B / 0B
0.00%,0B / 0B
0.00%,0B / 0B
91.76%,0B / 0B
69.31%,0B / 0B
0.00%,0B / 0B
0.06%,0B / 0B
0.00%,0B / 0B
0.01%,0B / 0B
0.00%,0B / 0B
0.02%,0B / 0B
0.00%,0B / 0B
0.00%,0B / 0B
0.00%,0B / 0B
0.00%,0B / 0B
0.01%,0B / 0B
47.36%,0B / 0B
49.90%,0B / 0B
1.65%,0B / 0B
0.00%,0B / 0B
96.40%,0B / 0B
95.71%,0B / 0B
0.00%,0B / 0B
0.00%,0B / 0B
0.00%,0B / 0B
0.00%,0B / 0B
0.04%,0B / 0B
0.04%,0B / 0B
0.00%,0B / 0B
0.00%,0B / 0B
0.00%,0B / 0B
0.00%,0B / 0B
0.00%,0B / 0B
0.00%,0B / 0B
0.00%,0B / 0B
0.00%,0B / 0B
0.00%,0B / 0B
0.00%,0B / 0B
36.39%,0B / 0B
79.70%,0B / 0B
146.37%,0B / 0B
0.00%,0B / 0B
0.07%,0B / 0B
0.00%,0B / 0B
0.02%,0B / 0B
0.02%,0B / 0B
0.02%,0B / 0B
0.00%,0B / 0B
The Compose stack remains running for inspection. Stop it with: docker compose --env-file .env down
Realtime acceptance gates passed.
